acpi
acpid
alsa-utils
autoconf
automake
bash
bash-bats
binutils
bison
breeze
breeze-grub
breeze-gtk
breeze-kde4
bzip2
bzr
chrony
claws-mail
coreutils
cryptsetup
device-mapper
dhclient
dhcpcd
diffutils
dkms
dmenu
dunst
e2fsprogs
faac
fakeroot
fbset
feh
file
filesystem
findutils
flex
gawk
gcc-multilib
gcolor2
gdb
gettext
gimp
git
glibc
grep
grub
gvim
gzip
inetutils
intel-ucode
iotop
iproute2
iputils
irssi
jdk8-openjdk
jfsutils
json-c
less
libtool
licenses
links
linux
linux-headers
logrotate
lvm2
lxappearance
m4
make
man-db
man-pages
mariadb
mdadm
mlocate
mpd
mpv
nano
nasm
ncdu
ncmpcpp
netctl
networkmanager
networkmanager-dispatcher-ntpd
nodejs
npm
ntfs-3g
ntp
openssh
orca
pacman
pandoc
parted
pass
patch
pciutils
pcmanfm
pcmciautils
perl
pkg-config
poppler-qt5
postgresql
procps-ng
psmisc
pulseaudio
pulseaudio-alsa
python-hglib
python-pip
python-psutil
python-pygit2
python2-pip
ranger
reflector
reiserfsprogs
rsync
rxvt-unicode
s-nail
scrot
sed
shadow
sharutils
socat
sudo
sxiv
sysfsutils
systemd-sysvcompat
tamsyn-font
tar
task
texinfo
transmission-cli
transmission-gtk
udevil
ufw
unzip
usbutils
util-linux
vi
watchdog
wget
which
xf86-video-intel
xfsprogs
xmonad
xmonad-contrib
xorg-fonts-type1
xorg-server
xorg-xdpyinfo
xorg-xev
xorg-xfontsel
xorg-xinit
xorg-xinput
xorg-xlsfonts
xorg-xmessage
xorg-xrandr
xterm
zathura
zathura-pdf-mupdf
zip
